// Jest Snapshot v1, https://goo.gl/fbAQLP

exports[`Layout Component matches the snapshot 1`] = `Screen {}`;
